// Jest Snapshot v1, https://goo.gl/fbAQLP

exports[`Header component renders correctly with mock project 1`] = `
Object {
  "asFragment": [Function],
  "baseElement": <body>
    <div>
      <div
        class="Background-sc-1ewufq5-0 bfvyFR"
      >
        <div
          class="Wrapper-p9h97m-0 bPAkAJ"
        >
          <div
            class="Image-xlz8tp-0 ecsWuJ"
          >
            <div
              class="LogoWrapper-sc-1h2wcmv-0 iuBAvG"
            />
          </div>
          <div
            class="Body-sc-1czt10-0 ffSvnW"
          >
            <div
              class="HeadingText-sc-1dj0z06-0 hjLPZx"
            >
              <em>
                Big Boss
              </em>
              <br />
              Best Project
            </div>
            <div
              class="BodyText-sc-1ge0nwk-0 cWFuAN"
            />
            <div
              class="BodyText-sc-1ge0nwk-0 cWFuAN"
            >
              <b>
                ANDis
              </b>
               
              <br />
            </div>
            <div
              class="ANDiListContainer-lpzxya-0 cVKKmb"
            />
            <ul
              class="TechListContainer-sc-13ng48o-0 dCgVNF"
            />
          </div>
        </div>
      </div>
    </div>
  </body>,
  "container": <div>
    <div
      class="Background-sc-1ewufq5-0 bfvyFR"
    >
      <div
        class="Wrapper-p9h97m-0 bPAkAJ"
      >
        <div
          class="Image-xlz8tp-0 ecsWuJ"
        >
          <div
            class="LogoWrapper-sc-1h2wcmv-0 iuBAvG"
          />
        </div>
        <div
          class="Body-sc-1czt10-0 ffSvnW"
        >
          <div
            class="HeadingText-sc-1dj0z06-0 hjLPZx"
          >
            <em>
              Big Boss
            </em>
            <br />
            Best Project
          </div>
          <div
            class="BodyText-sc-1ge0nwk-0 cWFuAN"
          />
          <div
            class="BodyText-sc-1ge0nwk-0 cWFuAN"
          >
            <b>
              ANDis
            </b>
             
            <br />
          </div>
          <div
            class="ANDiListContainer-lpzxya-0 cVKKmb"
          />
          <ul
            class="TechListContainer-sc-13ng48o-0 dCgVNF"
          />
        </div>
      </div>
    </div>
  </div>,
  "debug": [Function],
  "findAllByAltText": [Function],
  "findAllByDisplayValue": [Function],
  "findAllByLabelText": [Function],
  "findAllByPlaceholderText": [Function],
  "findAllByRole": [Function],
  "findAllByTestId": [Function],
  "findAllByText": [Function],
  "findAllByTitle": [Function],
  "findByAltText": [Function],
  "findByDisplayValue": [Function],
  "findByLabelText": [Function],
  "findByPlaceholderText": [Function],
  "findByRole": [Function],
  "findByTestId": [Function],
  "findByText": [Function],
  "findByTitle": [Function],
  "getAllByAltText": [Function],
  "getAllByDisplayValue": [Function],
  "getAllByLabelText": [Function],
  "getAllByPlaceholderText": [Function],
  "getAllByRole": [Function],
  "getAllByTestId": [Function],
  "getAllByText": [Function],
  "getAllByTitle": [Function],
  "getByAltText": [Function],
  "getByDisplayValue": [Function],
  "getByLabelText": [Function],
  "getByPlaceholderText": [Function],
  "getByRole": [Function],
  "getByTestId": [Function],
  "getByText": [Function],
  "getByTitle": [Function],
  "queryAllByAltText": [Function],
  "queryAllByDisplayValue": [Function],
  "queryAllByLabelText": [Function],
  "queryAllByPlaceholderText": [Function],
  "queryAllByRole": [Function],
  "queryAllByTestId": [Function],
  "queryAllByText": [Function],
  "queryAllByTitle": [Function],
  "queryByAltText": [Function],
  "queryByDisplayValue": [Function],
  "queryByLabelText": [Function],
  "queryByPlaceholderText": [Function],
  "queryByRole": [Function],
  "queryByTestId": [Function],
  "queryByText": [Function],
  "queryByTitle": [Function],
  "rerender": [Function],
  "unmount": [Function],
}
`;
