// Jest Snapshot v1, https://goo.gl/fbAQLP

exports[`Form Modal component renders correctly 1`] = `
Object {
  "asFragment": [Function],
  "baseElement": <body>
    <div>
      <form
        class="styles__FormWrapper-p1at4m-1 gPiIqZ"
      >
        <div
          class="styles__Label-p1at4m-0 eKyFat"
        >
          Test User
        </div>
        <div>
          <div
            class="styles__Label-p1at4m-0 eKyFat"
          >
            ANDi Image Url
          </div>
          <input
            class="styles__FormInput-p1at4m-2 gNsONR"
            placeholder="ANDi image url"
            value=""
          />
        </div>
        <div>
          <div
            class="styles__Label-p1at4m-0 eKyFat"
          >
            ANDi Project Role
          </div>
          <input
            class="styles__FormInput-p1at4m-2 gNsONR"
            maxlength="20"
            placeholder="Role on the project"
            value=""
          />
        </div>
        <div>
          <button
            class="styles__SubmitButton-p1at4m-3 keHDhv"
            type="submit"
          >
            SUBMIT
          </button>
        </div>
      </form>
    </div>
  </body>,
  "container": <div>
    <form
      class="styles__FormWrapper-p1at4m-1 gPiIqZ"
    >
      <div
        class="styles__Label-p1at4m-0 eKyFat"
      >
        Test User
      </div>
      <div>
        <div
          class="styles__Label-p1at4m-0 eKyFat"
        >
          ANDi Image Url
        </div>
        <input
          class="styles__FormInput-p1at4m-2 gNsONR"
          placeholder="ANDi image url"
          value=""
        />
      </div>
      <div>
        <div
          class="styles__Label-p1at4m-0 eKyFat"
        >
          ANDi Project Role
        </div>
        <input
          class="styles__FormInput-p1at4m-2 gNsONR"
          maxlength="20"
          placeholder="Role on the project"
          value=""
        />
      </div>
      <div>
        <button
          class="styles__SubmitButton-p1at4m-3 keHDhv"
          type="submit"
        >
          SUBMIT
        </button>
      </div>
    </form>
  </div>,
  "debug": [Function],
  "findAllByAltText": [Function],
  "findAllByDisplayValue": [Function],
  "findAllByLabelText": [Function],
  "findAllByPlaceholderText": [Function],
  "findAllByRole": [Function],
  "findAllByTestId": [Function],
  "findAllByText": [Function],
  "findAllByTitle": [Function],
  "findByAltText": [Function],
  "findByDisplayValue": [Function],
  "findByLabelText": [Function],
  "findByPlaceholderText": [Function],
  "findByRole": [Function],
  "findByTestId": [Function],
  "findByText": [Function],
  "findByTitle": [Function],
  "getAllByAltText": [Function],
  "getAllByDisplayValue": [Function],
  "getAllByLabelText": [Function],
  "getAllByPlaceholderText": [Function],
  "getAllByRole": [Function],
  "getAllByTestId": [Function],
  "getAllByText": [Function],
  "getAllByTitle": [Function],
  "getByAltText": [Function],
  "getByDisplayValue": [Function],
  "getByLabelText": [Function],
  "getByPlaceholderText": [Function],
  "getByRole": [Function],
  "getByTestId": [Function],
  "getByText": [Function],
  "getByTitle": [Function],
  "queryAllByAltText": [Function],
  "queryAllByDisplayValue": [Function],
  "queryAllByLabelText": [Function],
  "queryAllByPlaceholderText": [Function],
  "queryAllByRole": [Function],
  "queryAllByTestId": [Function],
  "queryAllByText": [Function],
  "queryAllByTitle": [Function],
  "queryByAltText": [Function],
  "queryByDisplayValue": [Function],
  "queryByLabelText": [Function],
  "queryByPlaceholderText": [Function],
  "queryByRole": [Function],
  "queryByTestId": [Function],
  "queryByText": [Function],
  "queryByTitle": [Function],
  "rerender": [Function],
  "unmount": [Function],
}
`;
