// Jest Snapshot v1, https://goo.gl/fbAQLP

exports[`ProjectForm component renders correctly 1`] = `
Object {
  "asFragment": [Function],
  "baseElement": <body>
    <div>
      <div
        class="styles__HomepageWrapper-sc-101ii58-0 iCONwV"
      >
        <div
          class="styles__FormWrapper-sc-101ii58-3 foeRUl"
        >
          <div
            class="styles__FormTitle-o9i1nk-1 eKysUa"
          >
            Add a Project
          </div>
          <div
            class="styles__FormBody-o9i1nk-2 ivACpD"
          >
            <div>
              <label
                class="styles__Label-o9i1nk-0 jgkMvb"
              >
                Project Title
              </label>
              <input
                class="styles__FormInput-o9i1nk-3 ciDVXO"
                maxlength="20"
                placeholder="Project title"
              />
            </div>
            <div>
              <label
                class="styles__Label-o9i1nk-0 jgkMvb"
              >
                Client
              </label>
              <input
                class="styles__FormInput-o9i1nk-3 ciDVXO"
                placeholder="Select client"
              />
            </div>
            <div>
              <label
                class="styles__Label-o9i1nk-0 jgkMvb"
              >
                Project Description
              </label>
              <div
                class="styles__InputContainer-o9i1nk-8 HHcyi"
              >
                <textarea
                  class="styles__TextArea-o9i1nk-5 kRAUoh"
                  maxlength="60"
                  placeholder="Client description"
                />
                <textarea
                  class="styles__TextArea-o9i1nk-5 kRAUoh"
                  maxlength="60"
                  placeholder="Project description"
                />
                <textarea
                  class="styles__TextArea-o9i1nk-5 kRAUoh"
                  maxlength="60"
                  placeholder="Project outcomes"
                />
              </div>
            </div>
            <div>
              <label
                class="styles__Label-o9i1nk-0 jgkMvb"
              >
                Cover Image
              </label>
              <input
                class="styles__FormInput-o9i1nk-3 ciDVXO"
                placeholder="Cover image url"
              />
            </div>
            <div>
              <label
                class="styles__Label-o9i1nk-0 jgkMvb"
              >
                ANDis
              </label>
              <div
                class="styles__MultiSelectWrapper-fb62mp-0 bOPuln"
              >
                <div
                  class="styles__InputWrapper-fb62mp-1 gSDgPd"
                >
                  <input
                    class="styles__FormInput-o9i1nk-3 ciDVXO"
                    placeholder="Select ANDis..."
                    type="text"
                    value=""
                  />
                </div>
                <div
                  class="styles__OptionsWrapper-fb62mp-2 jIIhVu"
                >
                  <div
                    class="styles__Options-fb62mp-3 RapWO"
                  >
                    JAI
                  </div>
                  <div
                    class="styles__Options-fb62mp-3 RapWO"
                  >
                    HENRY
                  </div>
                  <div
                    class="styles__Options-fb62mp-3 RapWO"
                  >
                    ELLIOT
                  </div>
                  <div
                    class="styles__Options-fb62mp-3 RapWO"
                  >
                    DAMI
                  </div>
                  <div
                    class="styles__Options-fb62mp-3 RapWO"
                  >
                    ILKAY
                  </div>
                  <div
                    class="styles__Options-fb62mp-3 RapWO"
                  >
                    MIRA
                  </div>
                  <div
                    class="styles__Options-fb62mp-3 RapWO"
                  >
                    MARTIN
                  </div>
                  <div
                    class="styles__Options-fb62mp-3 RapWO"
                  >
                    NIRO
                  </div>
                  <div
                    class="styles__Options-fb62mp-3 RapWO"
                  >
                    AUSER1
                  </div>
                  <div
                    class="styles__Options-fb62mp-3 RapWO"
                  >
                    AUSER2
                  </div>
                  <div
                    class="styles__Options-fb62mp-3 RapWO"
                  >
                    AUSER3
                  </div>
                  <div
                    class="styles__Options-fb62mp-3 RapWO"
                  >
                    AUSER4
                  </div>
                  <div
                    class="styles__Options-fb62mp-3 RapWO"
                  >
                    <button
                      class="styles__AddButton-fb62mp-4 gxSgNm"
                      type="submit"
                    >
                      + Add
                    </button>
                  </div>
                </div>
              </div>
            </div>
            <div>
              <label
                class="styles__Label-o9i1nk-0 jgkMvb"
              >
                Tech Stacks
              </label>
              <input
                class="styles__FormInput-o9i1nk-3 ciDVXO"
                placeholder="Select Tech Stack"
              />
            </div>
            <div>
              <button
                class="styles__SubmitButton-o9i1nk-9 bxOWwj"
              >
                SUBMIT
              </button>
            </div>
          </div>
        </div>
      </div>
    </div>
    <div
      class="react-toast-notifications__container css-mrh2d-ToastContainer"
    />
  </body>,
  "container": <div>
    <div
      class="styles__HomepageWrapper-sc-101ii58-0 iCONwV"
    >
      <div
        class="styles__FormWrapper-sc-101ii58-3 foeRUl"
      >
        <div
          class="styles__FormTitle-o9i1nk-1 eKysUa"
        >
          Add a Project
        </div>
        <div
          class="styles__FormBody-o9i1nk-2 ivACpD"
        >
          <div>
            <label
              class="styles__Label-o9i1nk-0 jgkMvb"
            >
              Project Title
            </label>
            <input
              class="styles__FormInput-o9i1nk-3 ciDVXO"
              maxlength="20"
              placeholder="Project title"
            />
          </div>
          <div>
            <label
              class="styles__Label-o9i1nk-0 jgkMvb"
            >
              Client
            </label>
            <input
              class="styles__FormInput-o9i1nk-3 ciDVXO"
              placeholder="Select client"
            />
          </div>
          <div>
            <label
              class="styles__Label-o9i1nk-0 jgkMvb"
            >
              Project Description
            </label>
            <div
              class="styles__InputContainer-o9i1nk-8 HHcyi"
            >
              <textarea
                class="styles__TextArea-o9i1nk-5 kRAUoh"
                maxlength="60"
                placeholder="Client description"
              />
              <textarea
                class="styles__TextArea-o9i1nk-5 kRAUoh"
                maxlength="60"
                placeholder="Project description"
              />
              <textarea
                class="styles__TextArea-o9i1nk-5 kRAUoh"
                maxlength="60"
                placeholder="Project outcomes"
              />
            </div>
          </div>
          <div>
            <label
              class="styles__Label-o9i1nk-0 jgkMvb"
            >
              Cover Image
            </label>
            <input
              class="styles__FormInput-o9i1nk-3 ciDVXO"
              placeholder="Cover image url"
            />
          </div>
          <div>
            <label
              class="styles__Label-o9i1nk-0 jgkMvb"
            >
              ANDis
            </label>
            <div
              class="styles__MultiSelectWrapper-fb62mp-0 bOPuln"
            >
              <div
                class="styles__InputWrapper-fb62mp-1 gSDgPd"
              >
                <input
                  class="styles__FormInput-o9i1nk-3 ciDVXO"
                  placeholder="Select ANDis..."
                  type="text"
                  value=""
                />
              </div>
              <div
                class="styles__OptionsWrapper-fb62mp-2 jIIhVu"
              >
                <div
                  class="styles__Options-fb62mp-3 RapWO"
                >
                  JAI
                </div>
                <div
                  class="styles__Options-fb62mp-3 RapWO"
                >
                  HENRY
                </div>
                <div
                  class="styles__Options-fb62mp-3 RapWO"
                >
                  ELLIOT
                </div>
                <div
                  class="styles__Options-fb62mp-3 RapWO"
                >
                  DAMI
                </div>
                <div
                  class="styles__Options-fb62mp-3 RapWO"
                >
                  ILKAY
                </div>
                <div
                  class="styles__Options-fb62mp-3 RapWO"
                >
                  MIRA
                </div>
                <div
                  class="styles__Options-fb62mp-3 RapWO"
                >
                  MARTIN
                </div>
                <div
                  class="styles__Options-fb62mp-3 RapWO"
                >
                  NIRO
                </div>
                <div
                  class="styles__Options-fb62mp-3 RapWO"
                >
                  AUSER1
                </div>
                <div
                  class="styles__Options-fb62mp-3 RapWO"
                >
                  AUSER2
                </div>
                <div
                  class="styles__Options-fb62mp-3 RapWO"
                >
                  AUSER3
                </div>
                <div
                  class="styles__Options-fb62mp-3 RapWO"
                >
                  AUSER4
                </div>
                <div
                  class="styles__Options-fb62mp-3 RapWO"
                >
                  <button
                    class="styles__AddButton-fb62mp-4 gxSgNm"
                    type="submit"
                  >
                    + Add
                  </button>
                </div>
              </div>
            </div>
          </div>
          <div>
            <label
              class="styles__Label-o9i1nk-0 jgkMvb"
            >
              Tech Stacks
            </label>
            <input
              class="styles__FormInput-o9i1nk-3 ciDVXO"
              placeholder="Select Tech Stack"
            />
          </div>
          <div>
            <button
              class="styles__SubmitButton-o9i1nk-9 bxOWwj"
            >
              SUBMIT
            </button>
          </div>
        </div>
      </div>
    </div>
  </div>,
  "debug": [Function],
  "findAllByAltText": [Function],
  "findAllByDisplayValue": [Function],
  "findAllByLabelText": [Function],
  "findAllByPlaceholderText": [Function],
  "findAllByRole": [Function],
  "findAllByTestId": [Function],
  "findAllByText": [Function],
  "findAllByTitle": [Function],
  "findByAltText": [Function],
  "findByDisplayValue": [Function],
  "findByLabelText": [Function],
  "findByPlaceholderText": [Function],
  "findByRole": [Function],
  "findByTestId": [Function],
  "findByText": [Function],
  "findByTitle": [Function],
  "getAllByAltText": [Function],
  "getAllByDisplayValue": [Function],
  "getAllByLabelText": [Function],
  "getAllByPlaceholderText": [Function],
  "getAllByRole": [Function],
  "getAllByTestId": [Function],
  "getAllByText": [Function],
  "getAllByTitle": [Function],
  "getByAltText": [Function],
  "getByDisplayValue": [Function],
  "getByLabelText": [Function],
  "getByPlaceholderText": [Function],
  "getByRole": [Function],
  "getByTestId": [Function],
  "getByText": [Function],
  "getByTitle": [Function],
  "queryAllByAltText": [Function],
  "queryAllByDisplayValue": [Function],
  "queryAllByLabelText": [Function],
  "queryAllByPlaceholderText": [Function],
  "queryAllByRole": [Function],
  "queryAllByTestId": [Function],
  "queryAllByText": [Function],
  "queryAllByTitle": [Function],
  "queryByAltText": [Function],
  "queryByDisplayValue": [Function],
  "queryByLabelText": [Function],
  "queryByPlaceholderText": [Function],
  "queryByRole": [Function],
  "queryByTestId": [Function],
  "queryByText": [Function],
  "queryByTitle": [Function],
  "rerender": [Function],
  "unmount": [Function],
}
`;
